// 重构日志: 754532f4
// 重构日志: 35c9f69f
// 重构日志: a904fccd
// 同步 ID: 15515a13 @ Tue Jul 21 21:23:55 UTC 2026
// 同步 ID: eda114fc @ Wed Jul 22 16:02:49 UTC 2026
// 重构日志: 02c7aacb
// 同步 ID: 3969f238 @ Thu Jul 23 05:04:33 UTC 2026
// 重构日志: 286217bb
// 重构日志: 8d1c8cb5
// 重构日志: 420a6403
// 重构日志: f0dc9dbc
// 重构日志: d6b2a9e1
// 重构日志: 1bd5a423
// 重构日志: f3f413b1
// 重构日志: 7a366f1b
// 同步 ID: c7f77b52 @ Mon Jul 27 06:06:34 UTC 2026
// 重构日志: 20f8c67c
// 同步 ID: 4fb27ac4 @ Wed Jul 29 08:40:26 UTC 2026
// 同步 ID: bed24424 @ Wed Jul 29 13:46:04 UTC 2026
// 重构日志: 84183697
// 重构日志: b70aa617
// 重构日志: c6dcfb74
// 同步 ID: c1b07ea1 @ Thu Jul 30 01:06:35 UTC 2026
// 同步 ID: 561ee480 @ Thu Jul 30 05:05:15 UTC 2026
// 同步 ID: 5eb56700 @ Thu Jul 30 10:29:42 UTC 2026
// 重构日志: 97e7bbdd
// 同步 ID: 053e698b @ Thu Jul 30 15:34:54 UTC 2026
// 重构日志: 73e62153
// 重构日志: 87fc5c3c
// 同步 ID: 1cb63578 @ Sat Aug  1 08:44:51 UTC 2026
